Archive member included to satisfy reference by file (symbol)

d:/gcc-arm-none-eabi/bin/../lib/gcc/arm-none-eabi/10.3.1/../../../../arm-none-eabi/lib/thumb/v7-m/nofp\libg_nano.a(lib_a-exit.o)
                              d:/gcc-arm-none-eabi/bin/../lib/gcc/arm-none-eabi/10.3.1/../../../../arm-none-eabi/lib/thumb/v7-m/nofp/crt0.o (exit)
d:/gcc-arm-none-eabi/bin/../lib/gcc/arm-none-eabi/10.3.1/../../../../arm-none-eabi/lib/thumb/v7-m/nofp\libg_nano.a(lib_a-impure.o)
                              d:/gcc-arm-none-eabi/bin/../lib/gcc/arm-none-eabi/10.3.1/../../../../arm-none-eabi/lib/thumb/v7-m/nofp\libg_nano.a(lib_a-exit.o) (_global_impure_ptr)
d:/gcc-arm-none-eabi/bin/../lib/gcc/arm-none-eabi/10.3.1/../../../../arm-none-eabi/lib/thumb/v7-m/nofp\libg_nano.a(lib_a-init.o)
                              d:/gcc-arm-none-eabi/bin/../lib/gcc/arm-none-eabi/10.3.1/../../../../arm-none-eabi/lib/thumb/v7-m/nofp/crt0.o (__libc_init_array)
d:/gcc-arm-none-eabi/bin/../lib/gcc/arm-none-eabi/10.3.1/../../../../arm-none-eabi/lib/thumb/v7-m/nofp\libg_nano.a(lib_a-memset.o)
                              d:/gcc-arm-none-eabi/bin/../lib/gcc/arm-none-eabi/10.3.1/../../../../arm-none-eabi/lib/thumb/v7-m/nofp/crt0.o (memset)
d:/gcc-arm-none-eabi/bin/../lib/gcc/arm-none-eabi/10.3.1/../../../../arm-none-eabi/lib/thumb/v7-m/nofp\libnosys.a(_exit.o)
                              d:/gcc-arm-none-eabi/bin/../lib/gcc/arm-none-eabi/10.3.1/../../../../arm-none-eabi/lib/thumb/v7-m/nofp\libg_nano.a(lib_a-exit.o) (_exit)

Discarded input sections

 .text          0x00000000        0x0 d:/gcc-arm-none-eabi/bin/../lib/gcc/arm-none-eabi/10.3.1/thumb/v7-m/nofp/crti.o
 .data          0x00000000        0x0 d:/gcc-arm-none-eabi/bin/../lib/gcc/arm-none-eabi/10.3.1/thumb/v7-m/nofp/crti.o
 .bss           0x00000000        0x0 d:/gcc-arm-none-eabi/bin/../lib/gcc/arm-none-eabi/10.3.1/thumb/v7-m/nofp/crti.o
 .data          0x00000000        0x4 d:/gcc-arm-none-eabi/bin/../lib/gcc/arm-none-eabi/10.3.1/thumb/v7-m/nofp/crtbegin.o
 .rodata        0x00000000       0x24 d:/gcc-arm-none-eabi/bin/../lib/gcc/arm-none-eabi/10.3.1/thumb/v7-m/nofp/crtbegin.o
 .text          0x00000000       0x7c d:/gcc-arm-none-eabi/bin/../lib/gcc/arm-none-eabi/10.3.1/../../../../arm-none-eabi/lib/thumb/v7-m/nofp/crt0.o
 .data          0x00000000        0x0 d:/gcc-arm-none-eabi/bin/../lib/gcc/arm-none-eabi/10.3.1/../../../../arm-none-eabi/lib/thumb/v7-m/nofp/crt0.o
 .bss           0x00000000        0x0 d:/gcc-arm-none-eabi/bin/../lib/gcc/arm-none-eabi/10.3.1/../../../../arm-none-eabi/lib/thumb/v7-m/nofp/crt0.o
 .ARM.extab     0x00000000        0x0 d:/gcc-arm-none-eabi/bin/../lib/gcc/arm-none-eabi/10.3.1/../../../../arm-none-eabi/lib/thumb/v7-m/nofp/crt0.o
 .ARM.exidx     0x00000000       0x10 d:/gcc-arm-none-eabi/bin/../lib/gcc/arm-none-eabi/10.3.1/../../../../arm-none-eabi/lib/thumb/v7-m/nofp/crt0.o
 .ARM.attributes
                0x00000000       0x1b d:/gcc-arm-none-eabi/bin/../lib/gcc/arm-none-eabi/10.3.1/../../../../arm-none-eabi/lib/thumb/v7-m/nofp/crt0.o
 .text          0x00000000        0x0 CMakeFiles/TemplateF103.elf.dir/Core/Src/core_cm3.c.obj
 .data          0x00000000        0x0 CMakeFiles/TemplateF103.elf.dir/Core/Src/core_cm3.c.obj
 .bss           0x00000000        0x0 CMakeFiles/TemplateF103.elf.dir/Core/Src/core_cm3.c.obj
 .text.__get_PSP
                0x00000000        0xe CMakeFiles/TemplateF103.elf.dir/Core/Src/core_cm3.c.obj
 .text.__set_PSP
                0x00000000        0xa CMakeFiles/TemplateF103.elf.dir/Core/Src/core_cm3.c.obj
 .text.__get_MSP
                0x00000000        0xe CMakeFiles/TemplateF103.elf.dir/Core/Src/core_cm3.c.obj
 .text.__set_MSP
                0x00000000        0xa CMakeFiles/TemplateF103.elf.dir/Core/Src/core_cm3.c.obj
 .text.__get_BASEPRI
                0x00000000       0x1c CMakeFiles/TemplateF103.elf.dir/Core/Src/core_cm3.c.obj
 .text.__set_BASEPRI
                0x00000000       0x18 CMakeFiles/TemplateF103.elf.dir/Core/Src/core_cm3.c.obj
 .text.__get_PRIMASK
                0x00000000       0x1c CMakeFiles/TemplateF103.elf.dir/Core/Src/core_cm3.c.obj
 .text.__set_PRIMASK
                0x00000000       0x18 CMakeFiles/TemplateF103.elf.dir/Core/Src/core_cm3.c.obj
 .text.__get_FAULTMASK
                0x00000000       0x1c CMakeFiles/TemplateF103.elf.dir/Core/Src/core_cm3.c.obj
 .text.__set_FAULTMASK
                0x00000000       0x18 CMakeFiles/TemplateF103.elf.dir/Core/Src/core_cm3.c.obj
 .text.__get_CONTROL
                0x00000000       0x1c CMakeFiles/TemplateF103.elf.dir/Core/Src/core_cm3.c.obj
 .text.__set_CONTROL
                0x00000000       0x18 CMakeFiles/TemplateF103.elf.dir/Core/Src/core_cm3.c.obj
 .text.__REV    0x00000000       0x1e CMakeFiles/TemplateF103.elf.dir/Core/Src/core_cm3.c.obj
 .text.__REV16  0x00000000       0x20 CMakeFiles/TemplateF103.elf.dir/Core/Src/core_cm3.c.obj
[...]
Memory Configuration

Name             Origin             Length             Attributes
RAM              0x20000000         0x00005000         xrw
FLASH            0x08004000         0x00010000         xr
*default*        0x00000000         0xffffffff

Linker script and memory map

LOAD d:/gcc-arm-none-eabi/bin/../lib/gcc/arm-none-eabi/10.3.1/thumb/v7-m/nofp/crti.o
LOAD d:/gcc-arm-none-eabi/bin/../lib/gcc/arm-none-eabi/10.3.1/thumb/v7-m/nofp/crtbegin.o
LOAD d:/gcc-arm-none-eabi/bin/../lib/gcc/arm-none-eabi/10.3.1/../../../../arm-none-eabi/lib/thumb/v7-m/nofp/crt0.o
LOAD CMakeFiles/TemplateF103.elf.dir/Core/Src/core_cm3.c.obj
LOAD CMakeFiles/TemplateF103.elf.dir/Core/Src/main.c.obj
LOAD CMakeFiles/TemplateF103.elf.dir/Core/Src/stm32f10x_it.c.obj
LOAD CMakeFiles/TemplateF103.elf.dir/Core/Src/system_stm32f10x.c.obj
LOAD CMakeFiles/TemplateF103.elf.dir/STM32F10x_FWLib/Src/misc.c.obj
LOAD CMakeFiles/TemplateF103.elf.dir/STM32F10x_FWLib/Src/stm32f10x_adc.c.obj
LOAD CMakeFiles/TemplateF103.elf.dir/STM32F10x_FWLib/Src/stm32f10x_bkp.c.obj
LOAD CMakeFiles/TemplateF103.elf.dir/STM32F10x_FWLib/Src/stm32f10x_can.c.obj
LOAD CMakeFiles/TemplateF103.elf.dir/STM32F10x_FWLib/Src/stm32f10x_cec.c.obj
LOAD CMakeFiles/TemplateF103.elf.dir/STM32F10x_FWLib/Src/stm32f10x_crc.c.obj
LOAD CMakeFiles/TemplateF103.elf.dir/STM32F10x_FWLib/Src/stm32f10x_dac.c.obj
LOAD CMakeFiles/TemplateF103.elf.dir/STM32F10x_FWLib/Src/stm32f10x_dbgmcu.c.obj
LOAD CMakeFiles/TemplateF103.elf.dir/STM32F10x_FWLib/Src/stm32f10x_dma.c.obj
LOAD CMakeFiles/TemplateF103.elf.dir/STM32F10x_FWLib/Src/stm32f10x_exti.c.obj
LOAD CMakeFiles/TemplateF103.elf.dir/STM32F10x_FWLib/Src/stm32f10x_flash.c.obj
LOAD CMakeFiles/TemplateF103.elf.dir/STM32F10x_FWLib/Src/stm32f10x_fsmc.c.obj
LOAD CMakeFiles/TemplateF103.elf.dir/STM32F10x_FWLib/Src/stm32f10x_gpio.c.obj
LOAD CMakeFiles/TemplateF103.elf.dir/STM32F10x_FWLib/Src/stm32f10x_i2c.c.obj
LOAD CMakeFiles/TemplateF103.elf.dir/STM32F10x_FWLib/Src/stm32f10x_iwdg.c.obj
LOAD CMakeFiles/TemplateF103.elf.dir/STM32F10x_FWLib/Src/stm32f10x_pwr.c.obj
LOAD CMakeFiles/TemplateF103.elf.dir/STM32F10x_FWLib/Src/stm32f10x_rcc.c.obj
LOAD CMakeFiles/TemplateF103.elf.dir/STM32F10x_FWLib/Src/stm32f10x_rtc.c.obj
LOAD CMakeFiles/TemplateF103.elf.dir/STM32F10x_FWLib/Src/stm32f10x_sdio.c.obj
LOAD CMakeFiles/TemplateF103.elf.dir/STM32F10x_FWLib/Src/stm32f10x_spi.c.obj
LOAD CMakeFiles/TemplateF103.elf.dir/STM32F10x_FWLib/Src/stm32f10x_tim.c.obj
LOAD CMakeFiles/TemplateF103.elf.dir/STM32F10x_FWLib/Src/stm32f10x_usart.c.obj
LOAD CMakeFiles/TemplateF103.elf.dir/STM32F10x_FWLib/Src/stm32f10x_wwdg.c.obj
LOAD CMakeFiles/TemplateF103.elf.dir/SYSTEM/Src/delay.c.obj
LOAD CMakeFiles/TemplateF103.elf.dir/SYSTEM/Src/sys.c.obj
LOAD CMakeFiles/TemplateF103.elf.dir/SYSTEM/Src/usart.c.obj
LOAD CMakeFiles/TemplateF103.elf.dir/startup/startup_stm32f103xb.s.obj
START GROUP
LOAD d:/gcc-arm-none-eabi/bin/../lib/gcc/arm-none-eabi/10.3.1/thumb/v7-m/nofp\libgcc.a
LOAD d:/gcc-arm-none-eabi/bin/../lib/gcc/arm-none-eabi/10.3.1/../../../../arm-none-eabi/lib/thumb/v7-m/nofp\libg_nano.a
LOAD d:/gcc-arm-none-eabi/bin/../lib/gcc/arm-none-eabi/10.3.1/../../../../arm-none-eabi/lib/thumb/v7-m/nofp\libc_nano.a
END GROUP
START GROUP
LOAD d:/gcc-arm-none-eabi/bin/../lib/gcc/arm-none-eabi/10.3.1/thumb/v7-m/nofp\libgcc.a
LOAD d:/gcc-arm-none-eabi/bin/../lib/gcc/arm-none-eabi/10.3.1/../../../../arm-none-eabi/lib/thumb/v7-m/nofp\libc_nano.a
LOAD d:/gcc-arm-none-eabi/bin/../lib/gcc/arm-none-eabi/10.3.1/../../../../arm-none-eabi/lib/thumb/v7-m/nofp\libnosys.a
END GROUP
START GROUP
LOAD d:/gcc-arm-none-eabi/bin/../lib/gcc/arm-none-eabi/10.3.1/thumb/v7-m/nofp\libgcc.a
LOAD d:/gcc-arm-none-eabi/bin/../lib/gcc/arm-none-eabi/10.3.1/../../../../arm-none-eabi/lib/thumb/v7-m/nofp\libc_nano.a
LOAD d:/gcc-arm-none-eabi/bin/../lib/gcc/arm-none-eabi/10.3.1/../../../../arm-none-eabi/lib/thumb/v7-m/nofp\libnosys.a
END GROUP
LOAD d:/gcc-arm-none-eabi/bin/../lib/gcc/arm-none-eabi/10.3.1/thumb/v7-m/nofp/crtend.o
LOAD d:/gcc-arm-none-eabi/bin/../lib/gcc/arm-none-eabi/10.3.1/thumb/v7-m/nofp/crtn.o
                0x20005000                _estack = 0x20005000
                0x00001000                _Min_Heap_Size = 0x1000
                0x00000400                _Min_Stack_Size = 0x400

.isr_vector     0x08004000      0x10c
                0x08004000                . = ALIGN (0x4)
 *(.isr_vector)
 .isr_vector    0x08004000      0x10c CMakeFiles/TemplateF103.elf.dir/startup/startup_stm32f103xb.s.obj
                0x08004000                g_pfnVectors
                0x0800410c                . = ALIGN (0x4)

.text           0x0800410c      0xcf4
                0x0800410c                . = ALIGN (0x4)
 *(.text)
 .text          0x0800410c       0x40 d:/gcc-arm-none-eabi/bin/../lib/gcc/arm-none-eabi/10.3.1/thumb/v7-m/nofp/crtbegin.o
 *(.text*)
 .text.main     0x0800414c       0x3c CMakeFiles/TemplateF103.elf.dir/Core/Src/main.c.obj
                0x0800414c                main
 .text.NMI_Handler
                0x08004188        0xc CMakeFiles/TemplateF103.elf.dir/Core/Src/stm32f10x_it.c.obj
                0x08004188                NMI_Handler
 .text.HardFault_Handler
                0x08004194        0x6 CMakeFiles/TemplateF103.elf.dir/Core/Src/stm32f10x_it.c.obj
                0x08004194                HardFault_Handler
 .text.MemManage_Handler
                0x0800419a        0x6 CMakeFiles/TemplateF103.elf.dir/Core/Src/stm32f10x_it.c.obj
                0x0800419a                MemManage_Handler
 .text.BusFault_Handler
                0x080041a0        0x6 CMakeFiles/TemplateF103.elf.dir/Core/Src/stm32f10x_it.c.obj
                0x080041a0                BusFault_Handler
 .text.UsageFault_Handler
                0x080041a6        0x6 CMakeFiles/TemplateF103.elf.dir/Core/Src/stm32f10x_it.c.obj
                0x080041a6                UsageFault_Handler
 .text.SVC_Handler
                0x080041ac        0xc CMakeFiles/TemplateF103.elf.dir/Core/Src/stm32f10x_it.c.obj
                0x080041ac                SVC_Handler
 .text.DebugMon_Handler
                0x080041b8        0xc CMakeFiles/TemplateF103.elf.dir/Core/Src/stm32f10x_it.c.obj
                0x080041b8                DebugMon_Handler
 .text.PendSV_Handler
                0x080041c4        0xc CMakeFiles/TemplateF103.elf.dir/Core/Src/stm32f10x_it.c.obj
                0x080041c4                PendSV_Handler
 .text.SysTick_Handler
                0x080041d0        0xc CMakeFiles/TemplateF103.elf.dir/Core/Src/stm32f10x_it.c.obj
                0x080041d0                SysTick_Handler
 .text.SystemInit
                0x080041dc       0x68 CMakeFiles/TemplateF103.elf.dir/Core/Src/system_stm32f10x.c.obj
                0x080041dc                SystemInit
 .text.SetSysClock
                0x08004244        0xc CMakeFiles/TemplateF103.elf.dir/Core/Src/system_stm32f10x.c.obj
 .text.SetSysClockTo72
                0x08004250      0x100 CMakeFiles/TemplateF103.elf.dir/Core/Src/system_stm32f10x.c.obj
 .text.NVIC_Init
                0x08004350       0xc4 CMakeFiles/TemplateF103.elf.dir/STM32F10x_FWLib/Src/misc.c.obj
                0x08004350                NVIC_Init
 .text.SysTick_CLKSourceConfig
                0x08004414       0x38 CMakeFiles/TemplateF103.elf.dir/STM32F10x_FWLib/Src/misc.c.obj
                0x08004414                SysTick_CLKSourceConfig
 .text.GPIO_Init
                0x0800444c      0x178 CMakeFiles/TemplateF103.elf.dir/STM32F10x_FWLib/Src/stm32f10x_gpio.c.obj
                0x0800444c                GPIO_Init
 .text.RCC_GetClocksFreq
                0x080045c4      0x16c CMakeFiles/TemplateF103.elf.dir/STM32F10x_FWLib/Src/stm32f10x_rcc.c.obj
                0x080045c4                RCC_GetClocksFreq
 .text.RCC_APB2PeriphClockCmd
                0x08004730       0x3c CMakeFiles/TemplateF103.elf.dir/STM32F10x_FWLib/Src/stm32f10x_rcc.c.obj
                0x08004730                RCC_APB2PeriphClockCmd
 .text.USART_Init
                0x0800476c      0x174 CMakeFiles/TemplateF103.elf.dir/STM32F10x_FWLib/Src/stm32f10x_usart.c.obj
                0x0800476c                USART_Init
 .text.USART_Cmd
                0x080048e0       0x3e CMakeFiles/TemplateF103.elf.dir/STM32F10x_FWLib/Src/stm32f10x_usart.c.obj
                0x080048e0                USART_Cmd
 .text.USART_ITConfig
                0x0800491e       0x8e CMakeFiles/TemplateF103.elf.dir/STM32F10x_FWLib/Src/stm32f10x_usart.c.obj
                0x0800491e                USART_ITConfig
 .text.USART_SendData
                0x080049ac       0x22 CMakeFiles/TemplateF103.elf.dir/STM32F10x_FWLib/Src/stm32f10x_usart.c.obj
                0x080049ac                USART_SendData
 .text.USART_ReceiveData
                0x080049ce       0x1e CMakeFiles/TemplateF103.elf.dir/STM32F10x_FWLib/Src/stm32f10x_usart.c.obj
                0x080049ce                USART_ReceiveData
 .text.USART_GetFlagStatus
                0x080049ec       0x36 CMakeFiles/TemplateF103.elf.dir/STM32F10x_FWLib/Src/stm32f10x_usart.c.obj
                0x080049ec                USART_GetFlagStatus
 .text.USART_GetITStatus
                0x08004a22       0xb4 CMakeFiles/TemplateF103.elf.dir/STM32F10x_FWLib/Src/stm32f10x_usart.c.obj
                0x08004a22                USART_GetITStatus
 *fill*         0x08004ad6        0x2 
 .text.delay_init
                0x08004ad8       0x4c CMakeFiles/TemplateF103.elf.dir/SYSTEM/Src/delay.c.obj
                0x08004ad8                delay_init
 .text.delay_ms
                0x08004b24       0x6c CMakeFiles/TemplateF103.elf.dir/SYSTEM/Src/delay.c.obj
                0x08004b24                delay_ms
 .text.USART_SEND
                0x08004b90       0x74 CMakeFiles/TemplateF103.elf.dir/SYSTEM/Src/usart.c.obj
                0x08004b90                USART_SEND
 .text.uart_init
                0x08004c04       0xa4 CMakeFiles/TemplateF103.elf.dir/SYSTEM/Src/usart.c.obj
                0x08004c04                uart_init
 .text.USART1_IRQHandler
                0x08004ca8       0xac CMakeFiles/TemplateF103.elf.dir/SYSTEM/Src/usart.c.obj
                0x08004ca8                USART1_IRQHandler
 .text.Reset_Handler
                0x08004d54       0x48 CMakeFiles/TemplateF103.elf.dir/startup/startup_stm32f103xb.s.obj
                0x08004d54                Reset_Handler
 .text.Default_Handler
                0x08004d9c        0x2 CMakeFiles/TemplateF103.elf.dir/startup/startup_stm32f103xb.s.obj
                0x08004d9c                RTC_Alarm_IRQHandler
                0x08004d9c                EXTI2_IRQHandler
                0x08004d9c                TIM1_CC_IRQHandler
                0x08004d9c                PVD_IRQHandler
                0x08004d9c                EXTI3_IRQHandler
                0x08004d9c                EXTI0_IRQHandler
                0x08004d9c                I2C2_EV_IRQHandler
                0x08004d9c                ADC1_2_IRQHandler
                0x08004d9c                SPI1_IRQHandler
                0x08004d9c                TAMPER_IRQHandler
                0x08004d9c                DMA1_Channel4_IRQHandler
                0x08004d9c                USART3_IRQHandler
                0x08004d9c                RTC_IRQHandler
                0x08004d9c                DMA1_Channel7_IRQHandler
                0x08004d9c                CAN1_RX1_IRQHandler
                0x08004d9c                TIM4_IRQHandler
                0x08004d9c                I2C1_EV_IRQHandler
                0x08004d9c                DMA1_Channel6_IRQHandler
                0x08004d9c                TIM3_IRQHandler
                0x08004d9c                RCC_IRQHandler
                0x08004d9c                TIM1_TRG_COM_IRQHandler
                0x08004d9c                DMA1_Channel1_IRQHandler
                0x08004d9c                Default_Handler
                0x08004d9c                EXTI15_10_IRQHandler
                0x08004d9c                EXTI9_5_IRQHandler
                0x08004d9c                SPI2_IRQHandler
                0x08004d9c                DMA1_Channel5_IRQHandler
                0x08004d9c                EXTI4_IRQHandler
                0x08004d9c                USB_LP_CAN1_RX0_IRQHandler
                0x08004d9c                USB_HP_CAN1_TX_IRQHandler
                0x08004d9c                DMA1_Channel3_IRQHandler
                0x08004d9c                TIM1_UP_IRQHandler
                0x08004d9c                WWDG_IRQHandler
                0x08004d9c                TIM2_IRQHandler
                0x08004d9c                TIM1_BRK_IRQHandler
                0x08004d9c                EXTI1_IRQHandler
                0x08004d9c                USART2_IRQHandler
                0x08004d9c                I2C2_ER_IRQHandler
                0x08004d9c                DMA1_Channel2_IRQHandler
                0x08004d9c                CAN1_SCE_IRQHandler
                0x08004d9c                FLASH_IRQHandler
                0x08004d9c                I2C1_ER_IRQHandler
                0x08004d9c                USBWakeUp_IRQHandler
 *fill*         0x08004d9e        0x2 
 .text.__libc_init_array
                0x08004da0       0x48 d:/gcc-arm-none-eabi/bin/../lib/gcc/arm-none-eabi/10.3.1/../../../../arm-none-eabi/lib/thumb/v7-m/nofp\libg_nano.a(lib_a-init.o)
                0x08004da0                __libc_init_array
 *(.glue_7)
 .glue_7        0x08004de8        0x0 linker stubs
 *(.glue_7t)
 .glue_7t       0x08004de8        0x0 linker stubs
 *(.eh_frame)
 .eh_frame      0x08004de8        0x0 d:/gcc-arm-none-eabi/bin/../lib/gcc/arm-none-eabi/10.3.1/thumb/v7-m/nofp/crtbegin.o
 *(.init)
 .init          0x08004de8        0x4 d:/gcc-arm-none-eabi/bin/../lib/gcc/arm-none-eabi/10.3.1/thumb/v7-m/nofp/crti.o
                0x08004de8                _init
 .init          0x08004dec        0x8 d:/gcc-arm-none-eabi/bin/../lib/gcc/arm-none-eabi/10.3.1/thumb/v7-m/nofp/crtn.o
 *(.fini)
 .fini          0x08004df4        0x4 d:/gcc-arm-none-eabi/bin/../lib/gcc/arm-none-eabi/10.3.1/thumb/v7-m/nofp/crti.o
                0x08004df4                _fini
 .fini          0x08004df8        0x8 d:/gcc-arm-none-eabi/bin/../lib/gcc/arm-none-eabi/10.3.1/thumb/v7-m/nofp/crtn.o
                0x08004e00                . = ALIGN (0x4)
                0x08004e00                _etext = .

.vfp11_veneer   0x08004e00        0x0
 .vfp11_veneer  0x08004e00        0x0 linker stubs

.v4_bx          0x08004e00        0x0
 .v4_bx         0x08004e00        0x0 linker stubs

.iplt           0x08004e00        0x0
 .iplt          0x08004e00        0x0 d:/gcc-arm-none-eabi/bin/../lib/gcc/arm-none-eabi/10.3.1/thumb/v7-m/nofp/crtbegin.o

.rodata         0x08004e00       0x10
                0x08004e00                . = ALIGN (0x4)
 *(.rodata)
 .rodata        0x08004e00        0xe CMakeFiles/TemplateF103.elf.dir/Core/Src/main.c.obj
 *(.rodata*)
                0x08004e10                . = ALIGN (0x4)
 *fill*         0x08004e0e        0x2 

.rel.dyn        0x08004e10        0x0
 .rel.iplt      0x08004e10        0x0 d:/gcc-arm-none-eabi/bin/../lib/gcc/arm-none-eabi/10.3.1/thumb/v7-m/nofp/crtbegin.o

.ARM.extab
 *(.ARM.extab* .gnu.linkonce.armextab.*)

.ARM            0x08004e10        0x0
                0x08004e10                __exidx_start = .
 *(.ARM.exidx*)
                0x08004e10                __exidx_end = .

.preinit_array  0x08004e10        0x0
                0x08004e10                PROVIDE (__preinit_array_start = .)
 *(.preinit_array*)
                0x08004e10                PROVIDE (__preinit_array_end = .)

.init_array     0x08004e10        0x4
                0x08004e10                PROVIDE (__init_array_start = .)
 *(SORT_BY_NAME(.init_array.*))
 *(.init_array*)
 .init_array    0x08004e10        0x4 d:/gcc-arm-none-eabi/bin/../lib/gcc/arm-none-eabi/10.3.1/thumb/v7-m/nofp/crtbegin.o
                0x08004e14                PROVIDE (__init_array_end = .)

.fini_array     0x08004e14        0x4
                [!provide]                PROVIDE (__fini_array_start = .)
 *(SORT_BY_NAME(.fini_array.*))
 *(.fini_array*)
 .fini_array    0x08004e14        0x4 d:/gcc-arm-none-eabi/bin/../lib/gcc/arm-none-eabi/10.3.1/thumb/v7-m/nofp/crtbegin.o
                [!provide]                PROVIDE (__fini_array_end = .)
                0x08004e18                _sidata = LOADADDR (.data)

.data           0x20000000       0x1c load address 0x08004e18
                0x20000000                . = ALIGN (0x4)
                0x20000000                _sdata = .
 *(.data)
 *(.data*)
 .data.TRUE     0x20000000        0x4 CMakeFiles/TemplateF103.elf.dir/Core/Src/main.c.obj
                0x20000000                TRUE
 .data.SystemCoreClock
                0x20000004        0x4 CMakeFiles/TemplateF103.elf.dir/Core/Src/system_stm32f10x.c.obj
                0x20000004                SystemCoreClock
 .data.APBAHBPrescTable
                0x20000008       0x10 CMakeFiles/TemplateF103.elf.dir/STM32F10x_FWLib/Src/stm32f10x_rcc.c.obj
 .data.ADCPrescTable
                0x20000018        0x4 CMakeFiles/TemplateF103.elf.dir/STM32F10x_FWLib/Src/stm32f10x_rcc.c.obj
                0x2000001c                . = ALIGN (0x4)
                0x2000001c                _edata = .

.igot.plt       0x2000001c        0x0 load address 0x08004e34
 .igot.plt      0x2000001c        0x0 d:/gcc-arm-none-eabi/bin/../lib/gcc/arm-none-eabi/10.3.1/thumb/v7-m/nofp/crtbegin.o
                0x2000001c                . = ALIGN (0x4)

.bss            0x2000001c       0xec load address 0x08004e34
                0x2000001c                _sbss = .
                0x2000001c                __bss_start__ = _sbss
 *(.bss)
 .bss           0x2000001c       0x1c d:/gcc-arm-none-eabi/bin/../lib/gcc/arm-none-eabi/10.3.1/thumb/v7-m/nofp/crtbegin.o
 *(.bss*)
 .bss.fac_us    0x20000038        0x1 CMakeFiles/TemplateF103.elf.dir/SYSTEM/Src/delay.c.obj
 *fill*         0x20000039        0x1 
 .bss.fac_ms    0x2000003a        0x2 CMakeFiles/TemplateF103.elf.dir/SYSTEM/Src/delay.c.obj
 .bss.USART_RX_BUF
                0x2000003c       0xc8 CMakeFiles/TemplateF103.elf.dir/SYSTEM/Src/usart.c.obj
                0x2000003c                USART_RX_BUF
 .bss.USART_RX_STA
                0x20000104        0x2 CMakeFiles/TemplateF103.elf.dir/SYSTEM/Src/usart.c.obj
                0x20000104                USART_RX_STA
 *(COMMON)
                0x20000108                . = ALIGN (0x4)
 *fill*         0x20000106        0x2 
                0x20000108                _ebss = .
                0x20000108                __bss_end__ = _ebss

._user_heap_stack
                0x20000108     0x1400 load address 0x08004e34
                0x20000108                . = ALIGN (0x8)
                [!provide]                PROVIDE (end = .)
                [!provide]                PROVIDE (_end = .)
                0x20001108                . = (. + _Min_Heap_Size)
 *fill*         0x20000108     0x1000 
                0x20001508                . = (. + _Min_Stack_Size)
 *fill*         0x20001108      0x400 
                0x20001508                . = ALIGN (0x8)

/DISCARD/
 libc.a(*)
 libm.a(*)
 libgcc.a(*)

.ARM.attributes
                0x00000000       0x29
 *(.ARM.attributes)
 .ARM.attributes
                0x00000000       0x1d d:/gcc-arm-none-eabi/bin/../lib/gcc/arm-none-eabi/10.3.1/thumb/v7-m/nofp/crti.o
 .ARM.attributes
                0x0000001d       0x2d d:/gcc-arm-none-eabi/bin/../lib/gcc/arm-none-eabi/10.3.1/thumb/v7-m/nofp/crtbegin.o
 .ARM.attributes
                0x0000004a       0x2d CMakeFiles/TemplateF103.elf.dir/Core/Src/main.c.obj
 .ARM.attributes
                0x00000077       0x2d CMakeFiles/TemplateF103.elf.dir/Core/Src/stm32f10x_it.c.obj
 .ARM.attributes
                0x000000a4       0x2d CMakeFiles/TemplateF103.elf.dir/Core/Src/system_stm32f10x.c.obj
 .ARM.attributes
                0x000000d1       0x2d CMakeFiles/TemplateF103.elf.dir/STM32F10x_FWLib/Src/misc.c.obj
 .ARM.attributes
                0x000000fe       0x2d CMakeFiles/TemplateF103.elf.dir/STM32F10x_FWLib/Src/stm32f10x_gpio.c.obj
 .ARM.attributes
                0x0000012b       0x2d CMakeFiles/TemplateF103.elf.dir/STM32F10x_FWLib/Src/stm32f10x_rcc.c.obj
 .ARM.attributes
                0x00000158       0x2d CMakeFiles/TemplateF103.elf.dir/STM32F10x_FWLib/Src/stm32f10x_usart.c.obj
 .ARM.attributes
                0x00000185       0x2d CMakeFiles/TemplateF103.elf.dir/SYSTEM/Src/delay.c.obj
 .ARM.attributes
                0x000001b2       0x2d CMakeFiles/TemplateF103.elf.dir/SYSTEM/Src/usart.c.obj
 .ARM.attributes
                0x000001df       0x21 CMakeFiles/TemplateF103.elf.dir/startup/startup_stm32f103xb.s.obj
 .ARM.attributes
                0x00000200       0x2d d:/gcc-arm-none-eabi/bin/../lib/gcc/arm-none-eabi/10.3.1/../../../../arm-none-eabi/lib/thumb/v7-m/nofp\libg_nano.a(lib_a-init.o)
 .ARM.attributes
                0x0000022d       0x1d d:/gcc-arm-none-eabi/bin/../lib/gcc/arm-none-eabi/10.3.1/thumb/v7-m/nofp/crtn.o
OUTPUT(TemplateF103.elf elf32-littlearm)
LOAD linker stubs
LOAD d:/gcc-arm-none-eabi/bin/../lib/gcc/arm-none-eabi/10.3.1/../../../../arm-none-eabi/lib/thumb/v7-m/nofp\libc.a
LOAD d:/gcc-arm-none-eabi/bin/../lib/gcc/arm-none-eabi/10.3.1/../../../../arm-none-eabi/lib/thumb/v7-m/nofp\libm.a
LOAD d:/gcc-arm-none-eabi/bin/../lib/gcc/arm-none-eabi/10.3.1/thumb/v7-m/nofp\libgcc.a

.debug_info     0x00000000     0x36ee
 .debug_info    0x00000000      0x1aa CMakeFiles/TemplateF103.elf.dir/Core/Src/main.c.obj
 .debug_info    0x000001aa      0x10e CMakeFiles/TemplateF103.elf.dir/Core/Src/stm32f10x_it.c.obj
 .debug_info    0x000002b8      0x475 CMakeFiles/TemplateF103.elf.dir/Core/Src/system_stm32f10x.c.obj
 .debug_info    0x0000072d      0x50c CMakeFiles/TemplateF103.elf.dir/STM32F10x_FWLib/Src/misc.c.obj
 .debug_info    0x00000c39      0x72e CMakeFiles/TemplateF103.elf.dir/STM32F10x_FWLib/Src/stm32f10x_gpio.c.obj
 .debug_info    0x00001367      0x8f3 CMakeFiles/TemplateF103.elf.dir/STM32F10x_FWLib/Src/stm32f10x_rcc.c.obj
 .debug_info    0x00001c5a      0xa5b CMakeFiles/TemplateF103.elf.dir/STM32F10x_FWLib/Src/stm32f10x_usart.c.obj
 .debug_info    0x000026b5      0x1e0 CMakeFiles/TemplateF103.elf.dir/SYSTEM/Src/delay.c.obj
 .debug_info    0x00002895      0xe37 CMakeFiles/TemplateF103.elf.dir/SYSTEM/Src/usart.c.obj
 .debug_info    0x000036cc       0x22 CMakeFiles/TemplateF103.elf.dir/startup/startup_stm32f103xb.s.obj

.debug_abbrev   0x00000000      0xcfb
 .debug_abbrev  0x00000000       0xaf CMakeFiles/TemplateF103.elf.dir/Core/Src/main.c.obj
 .debug_abbrev  0x000000af       0x44 CMakeFiles/TemplateF103.elf.dir/Core/Src/stm32f10x_it.c.obj
 .debug_abbrev  0x000000f3      0x1ae CMakeFiles/TemplateF103.elf.dir/Core/Src/system_stm32f10x.c.obj
 .debug_abbrev  0x000002a1      0x181 CMakeFiles/TemplateF103.elf.dir/STM32F10x_FWLib/Src/misc.c.obj
 .debug_abbrev  0x00000422      0x1e9 CMakeFiles/TemplateF103.elf.dir/STM32F10x_FWLib/Src/stm32f10x_gpio.c.obj
 .debug_abbrev  0x0000060b      0x1d3 CMakeFiles/TemplateF103.elf.dir/STM32F10x_FWLib/Src/stm32f10x_rcc.c.obj
 .debug_abbrev  0x000007de      0x191 CMakeFiles/TemplateF103.elf.dir/STM32F10x_FWLib/Src/stm32f10x_usart.c.obj
 .debug_abbrev  0x0000096f      0x101 CMakeFiles/TemplateF103.elf.dir/SYSTEM/Src/delay.c.obj
 .debug_abbrev  0x00000a70      0x279 CMakeFiles/TemplateF103.elf.dir/SYSTEM/Src/usart.c.obj
 .debug_abbrev  0x00000ce9       0x12 CMakeFiles/TemplateF103.elf.dir/startup/startup_stm32f103xb.s.obj

.debug_aranges  0x00000000      0x450
 .debug_aranges
                0x00000000       0x20 CMakeFiles/TemplateF103.elf.dir/Core/Src/main.c.obj
 .debug_aranges
                0x00000020       0x60 CMakeFiles/TemplateF103.elf.dir/Core/Src/stm32f10x_it.c.obj
 .debug_aranges
                0x00000080       0x38 CMakeFiles/TemplateF103.elf.dir/Core/Src/system_stm32f10x.c.obj
 .debug_aranges
                0x000000b8       0x40 CMakeFiles/TemplateF103.elf.dir/STM32F10x_FWLib/Src/misc.c.obj
 .debug_aranges
                0x000000f8       0xa8 CMakeFiles/TemplateF103.elf.dir/STM32F10x_FWLib/Src/stm32f10x_gpio.c.obj
 .debug_aranges
                0x000001a0      0x118 CMakeFiles/TemplateF103.elf.dir/STM32F10x_FWLib/Src/stm32f10x_rcc.c.obj
 .debug_aranges
                0x000002b8      0x100 CMakeFiles/TemplateF103.elf.dir/STM32F10x_FWLib/Src/stm32f10x_usart.c.obj
 .debug_aranges
                0x000003b8       0x30 CMakeFiles/TemplateF103.elf.dir/SYSTEM/Src/delay.c.obj
 .debug_aranges
                0x000003e8       0x40 CMakeFiles/TemplateF103.elf.dir/SYSTEM/Src/usart.c.obj
 .debug_aranges
                0x00000428       0x28 CMakeFiles/TemplateF103.elf.dir/startup/startup_stm32f103xb.s.obj

.debug_ranges   0x00000000      0x3d0
 .debug_ranges  0x00000000       0x10 CMakeFiles/TemplateF103.elf.dir/Core/Src/main.c.obj
 .debug_ranges  0x00000010       0x50 CMakeFiles/TemplateF103.elf.dir/Core/Src/stm32f10x_it.c.obj
 .debug_ranges  0x00000060       0x28 CMakeFiles/TemplateF103.elf.dir/Core/Src/system_stm32f10x.c.obj
 .debug_ranges  0x00000088       0x30 CMakeFiles/TemplateF103.elf.dir/STM32F10x_FWLib/Src/misc.c.obj
 .debug_ranges  0x000000b8       0x98 CMakeFiles/TemplateF103.elf.dir/STM32F10x_FWLib/Src/stm32f10x_gpio.c.obj
 .debug_ranges  0x00000150      0x108 CMakeFiles/TemplateF103.elf.dir/STM32F10x_FWLib/Src/stm32f10x_rcc.c.obj
 .debug_ranges  0x00000258       0xf0 CMakeFiles/TemplateF103.elf.dir/STM32F10x_FWLib/Src/stm32f10x_usart.c.obj
 .debug_ranges  0x00000348       0x20 CMakeFiles/TemplateF103.elf.dir/SYSTEM/Src/delay.c.obj
 .debug_ranges  0x00000368       0x48 CMakeFiles/TemplateF103.elf.dir/SYSTEM/Src/usart.c.obj
 .debug_ranges  0x000003b0       0x20 CMakeFiles/TemplateF103.elf.dir/startup/startup_stm32f103xb.s.obj

.debug_line     0x00000000     0x2702
 .debug_line    0x00000000      0x1b9 CMakeFiles/TemplateF103.elf.dir/Core/Src/main.c.obj
 .debug_line    0x000001b9      0x15a CMakeFiles/TemplateF103.elf.dir/Core/Src/stm32f10x_it.c.obj
 .debug_line    0x00000313      0x34d CMakeFiles/TemplateF103.elf.dir/Core/Src/system_stm32f10x.c.obj
 .debug_line    0x00000660      0x337 CMakeFiles/TemplateF103.elf.dir/STM32F10x_FWLib/Src/misc.c.obj
 .debug_line    0x00000997      0x61b CMakeFiles/TemplateF103.elf.dir/STM32F10x_FWLib/Src/stm32f10x_gpio.c.obj
 .debug_line    0x00000fb2      0x7b6 CMakeFiles/TemplateF103.elf.dir/STM32F10x_FWLib/Src/stm32f10x_rcc.c.obj
 .debug_line    0x00001768      0x762 CMakeFiles/TemplateF103.elf.dir/STM32F10x_FWLib/Src/stm32f10x_usart.c.obj
 .debug_line    0x00001eca      0x292 CMakeFiles/TemplateF103.elf.dir/SYSTEM/Src/delay.c.obj
 .debug_line    0x0000215c      0x4c8 CMakeFiles/TemplateF103.elf.dir/SYSTEM/Src/usart.c.obj
 .debug_line    0x00002624       0xde CMakeFiles/TemplateF103.elf.dir/startup/startup_stm32f103xb.s.obj

.debug_str      0x00000000     0x1cfc
 .debug_str     0x00000000      0x273 CMakeFiles/TemplateF103.elf.dir/Core/Src/main.c.obj
                                0x2be (size before relaxing)
 .debug_str     0x00000273      0x10c CMakeFiles/TemplateF103.elf.dir/Core/Src/stm32f10x_it.c.obj
                                0x2c6 (size before relaxing)
 .debug_str     0x0000037f      0x1b3 CMakeFiles/TemplateF103.elf.dir/Core/Src/system_stm32f10x.c.obj
                                0x3b6 (size before relaxing)
 .debug_str     0x00000532      0x239 CMakeFiles/TemplateF103.elf.dir/STM32F10x_FWLib/Src/misc.c.obj
                                0x499 (size before relaxing)
 .debug_str     0x0000076b      0x3d4 CMakeFiles/TemplateF103.elf.dir/STM32F10x_FWLib/Src/stm32f10x_gpio.c.obj
                                0x5fa (size before relaxing)
 .debug_str     0x00000b3f      0x42f CMakeFiles/TemplateF103.elf.dir/STM32F10x_FWLib/Src/stm32f10x_rcc.c.obj
                                0x6fb (size before relaxing)
 .debug_str     0x00000f6e      0x463 CMakeFiles/TemplateF103.elf.dir/STM32F10x_FWLib/Src/stm32f10x_usart.c.obj
                                0x771 (size before relaxing)
 .debug_str     0x000013d1       0xa7 CMakeFiles/TemplateF103.elf.dir/SYSTEM/Src/delay.c.obj
                                0x2c8 (size before relaxing)
 .debug_str     0x00001478      0x7f4 CMakeFiles/TemplateF103.elf.dir/SYSTEM/Src/usart.c.obj
                                0xc98 (size before relaxing)
 .debug_str     0x00001c6c       0x90 CMakeFiles/TemplateF103.elf.dir/startup/startup_stm32f103xb.s.obj
                                0x106 (size before relaxing)

.comment        0x00000000       0x49
 .comment       0x00000000       0x49 CMakeFiles/TemplateF103.elf.dir/Core/Src/main.c.obj
                                 0x4a (size before relaxing)
 .comment       0x00000049       0x4a CMakeFiles/TemplateF103.elf.dir/Core/Src/stm32f10x_it.c.obj
 .comment       0x00000049       0x4a CMakeFiles/TemplateF103.elf.dir/Core/Src/system_stm32f10x.c.obj
 .comment       0x00000049       0x4a CMakeFiles/TemplateF103.elf.dir/STM32F10x_FWLib/Src/misc.c.obj
 .comment       0x00000049       0x4a CMakeFiles/TemplateF103.elf.dir/STM32F10x_FWLib/Src/stm32f10x_gpio.c.obj
 .comment       0x00000049       0x4a CMakeFiles/TemplateF103.elf.dir/STM32F10x_FWLib/Src/stm32f10x_rcc.c.obj
 .comment       0x00000049       0x4a CMakeFiles/TemplateF103.elf.dir/STM32F10x_FWLib/Src/stm32f10x_usart.c.obj
 .comment       0x00000049       0x4a CMakeFiles/TemplateF103.elf.dir/SYSTEM/Src/delay.c.obj
 .comment       0x00000049       0x4a CMakeFiles/TemplateF103.elf.dir/SYSTEM/Src/usart.c.obj

.debug_frame    0x00000000     0x1074
 .debug_frame   0x00000000       0x2c CMakeFiles/TemplateF103.elf.dir/Core/Src/main.c.obj
 .debug_frame   0x0000002c      0x110 CMakeFiles/TemplateF103.elf.dir/Core/Src/stm32f10x_it.c.obj
 .debug_frame   0x0000013c       0x98 CMakeFiles/TemplateF103.elf.dir/Core/Src/system_stm32f10x.c.obj
 .debug_frame   0x000001d4       0xd8 CMakeFiles/TemplateF103.elf.dir/STM32F10x_FWLib/Src/misc.c.obj
 .debug_frame   0x000002ac      0x2d0 CMakeFiles/TemplateF103.elf.dir/STM32F10x_FWLib/Src/stm32f10x_gpio.c.obj
 .debug_frame   0x0000057c      0x4f4 CMakeFiles/TemplateF103.elf.dir/STM32F10x_FWLib/Src/stm32f10x_rcc.c.obj
 .debug_frame   0x00000a70      0x490 CMakeFiles/TemplateF103.elf.dir/STM32F10x_FWLib/Src/stm32f10x_usart.c.obj
 .debug_frame   0x00000f00       0x7c CMakeFiles/TemplateF103.elf.dir/SYSTEM/Src/delay.c.obj
 .debug_frame   0x00000f7c       0xcc CMakeFiles/TemplateF103.elf.dir/SYSTEM/Src/usart.c.obj
 .debug_frame   0x00001048       0x2c d:/gcc-arm-none-eabi/bin/../lib/gcc/arm-none-eabi/10.3.1/../../../../arm-none-eabi/lib/thumb/v7-m/nofp\libg_nano.a(lib_a-init.o)
